// Jest Snapshot v1, https://goo.gl/fbAQLP

exports[`Components/Blog Default smoke-test 1`] = `
<div class="bg-slate-100 dark:bg-slate-900 text-slate-900 dark:text-slate-300">
  <div class="flex flex-col md:flex-row mb-5 gap-5 md:items-end">
    <div class="basis-1/3">
      <h2 class="text-lg font-sans font-semibold tracking-tight text-left font-slate-800 uppercase text-5xl md:text-6xl break-words basis-1/3">
        Projects and Writing
      </h2>
    </div>
    <div class="w-full">
      <div class="w-full text-left  text-2xl font-black">
        Blog
        <div class="bg-slate-800 dark:bg-slate-300 h-1 w-full"
             style="max-width: 100%;"
        >
        </div>
      </div>
    </div>
  </div>
  <div class="columns-1 xs:columns-2 md:columns-3 lg:columns-4 gap-2 space-y-2"
       id="post-list"
  >
    <div class="break-inside-avoid-column">
      <a class="group block bg-white dark:bg-slate-900 border-2 border-slate-500"
         href="/studio-ipsa-super"
      >
        <img alt
             loading="lazy"
             width="375"
             height="375"
             decoding="async"
             data-nimg="1"
             class="w-full brightness-90 dark:brightness:75 group-hover:brightness-105"
             srcset="https://loremflickr.com/640/480?lock=2043296255836160&amp;w=384&amp;q=75 1x, https://loremflickr.com/640/480?lock=2043296255836160&amp;w=750&amp;q=75 2x"
             src="https://loremflickr.com/640/480?lock=2043296255836160&amp;w=750&amp;q=75"
             style="color: transparent;"
        >
        <h2 class="bg-slate-900 group-hover:bg-slate-700 px-2 text-lg leading-loose text-center text-slate-100">
          subito summisse circumvenio
        </h2>
      </a>
    </div>
    <div class="break-inside-avoid-column">
      <a class="group block bg-white dark:bg-slate-900 border-2 border-slate-500"
         href="/commodo-decens-caries"
      >
        <img alt
             loading="lazy"
             width="375"
             height="375"
             decoding="async"
             data-nimg="1"
             class="w-full brightness-90 dark:brightness:75 group-hover:brightness-105"
             srcset="https://picsum.photos/seed/pGzt8oolCJ/640/480?w=384&amp;q=75 1x, https://picsum.photos/seed/pGzt8oolCJ/640/480?w=750&amp;q=75 2x"
             src="https://picsum.photos/seed/pGzt8oolCJ/640/480?w=750&amp;q=75"
             style="color: transparent;"
        >
        <h2 class="bg-slate-900 group-hover:bg-slate-700 px-2 text-lg leading-loose text-center text-slate-100">
          super deprecator curo
        </h2>
      </a>
    </div>
    <div class="break-inside-avoid-column">
      <a class="group block bg-white dark:bg-slate-900 border-2 border-slate-500"
         href="/reiciendis-coadunatio-ulciscor"
      >
        <img alt
             loading="lazy"
             width="375"
             height="375"
             decoding="async"
             data-nimg="1"
             class="w-full brightness-90 dark:brightness:75 group-hover:brightness-105"
             srcset="https://picsum.photos/seed/Dbra5wIwq/640/480?w=384&amp;q=75 1x, https://picsum.photos/seed/Dbra5wIwq/640/480?w=750&amp;q=75 2x"
             src="https://picsum.photos/seed/Dbra5wIwq/640/480?w=750&amp;q=75"
             style="color: transparent;"
        >
        <h2 class="bg-slate-900 group-hover:bg-slate-700 px-2 text-lg leading-loose text-center text-slate-100">
          adulatio sub cubicularis
        </h2>
      </a>
    </div>
    <div class="break-inside-avoid-column">
      <a class="group block bg-white dark:bg-slate-900 border-2 border-slate-500"
         href="/canonicus-claudeo-voveo"
      >
        <img alt
             loading="lazy"
             width="375"
             height="375"
             decoding="async"
             data-nimg="1"
             class="w-full brightness-90 dark:brightness:75 group-hover:brightness-105"
             srcset="https://picsum.photos/seed/IpkEmne/640/480?w=384&amp;q=75 1x, https://picsum.photos/seed/IpkEmne/640/480?w=750&amp;q=75 2x"
             src="https://picsum.photos/seed/IpkEmne/640/480?w=750&amp;q=75"
             style="color: transparent;"
        >
        <h2 class="bg-slate-900 group-hover:bg-slate-700 px-2 text-lg leading-loose text-center text-slate-100">
          deprimo surculus taedium
        </h2>
      </a>
    </div>
    <div class="break-inside-avoid-column">
      <a class="group block bg-white dark:bg-slate-900 border-2 border-slate-500"
         href="/color-valetudo-cursim"
      >
        <img alt
             loading="lazy"
             width="375"
             height="375"
             decoding="async"
             data-nimg="1"
             class="w-full brightness-90 dark:brightness:75 group-hover:brightness-105"
             srcset="https://picsum.photos/seed/1qau9q4/640/480?w=384&amp;q=75 1x, https://picsum.photos/seed/1qau9q4/640/480?w=750&amp;q=75 2x"
             src="https://picsum.photos/seed/1qau9q4/640/480?w=750&amp;q=75"
             style="color: transparent;"
        >
        <h2 class="bg-slate-900 group-hover:bg-slate-700 px-2 text-lg leading-loose text-center text-slate-100">
          quos tener aliquam
        </h2>
      </a>
    </div>
    <div class="break-inside-avoid-column">
      <a class="group block bg-white dark:bg-slate-900 border-2 border-slate-500"
         href="/cuppedia-statua-usitas"
      >
        <img alt
             loading="lazy"
             width="375"
             height="375"
             decoding="async"
             data-nimg="1"
             class="w-full brightness-90 dark:brightness:75 group-hover:brightness-105"
             srcset="https://picsum.photos/seed/vsCz7iju/640/480?w=384&amp;q=75 1x, https://picsum.photos/seed/vsCz7iju/640/480?w=750&amp;q=75 2x"
             src="https://picsum.photos/seed/vsCz7iju/640/480?w=750&amp;q=75"
             style="color: transparent;"
        >
        <h2 class="bg-slate-900 group-hover:bg-slate-700 px-2 text-lg leading-loose text-center text-slate-100">
          tandem varietas suadeo
        </h2>
      </a>
    </div>
    <div class="break-inside-avoid-column">
      <a class="group block bg-white dark:bg-slate-900 border-2 border-slate-500"
         href="/voro-candidus-earum"
      >
        <img alt
             loading="lazy"
             width="375"
             height="375"
             decoding="async"
             data-nimg="1"
             class="w-full brightness-90 dark:brightness:75 group-hover:brightness-105"
             srcset="https://loremflickr.com/640/480?lock=4462993249140736&amp;w=384&amp;q=75 1x, https://loremflickr.com/640/480?lock=4462993249140736&amp;w=750&amp;q=75 2x"
             src="https://loremflickr.com/640/480?lock=4462993249140736&amp;w=750&amp;q=75"
             style="color: transparent;"
        >
        <h2 class="bg-slate-900 group-hover:bg-slate-700 px-2 text-lg leading-loose text-center text-slate-100">
          veritatis casso amitto
        </h2>
      </a>
    </div>
    <div class="break-inside-avoid-column">
      <a class="group block bg-white dark:bg-slate-900 border-2 border-slate-500"
         href="/trepide-thema-pax"
      >
        <img alt
             loading="lazy"
             width="375"
             height="375"
             decoding="async"
             data-nimg="1"
             class="w-full brightness-90 dark:brightness:75 group-hover:brightness-105"
             srcset="https://loremflickr.com/640/480?lock=4331491186180096&amp;w=384&amp;q=75 1x, https://loremflickr.com/640/480?lock=4331491186180096&amp;w=750&amp;q=75 2x"
             src="https://loremflickr.com/640/480?lock=4331491186180096&amp;w=750&amp;q=75"
             style="color: transparent;"
        >
        <h2 class="bg-slate-900 group-hover:bg-slate-700 px-2 text-lg leading-loose text-center text-slate-100">
          debilito placeat tantillus
        </h2>
      </a>
    </div>
    <div class="break-inside-avoid-column">
      <a class="group block bg-white dark:bg-slate-900 border-2 border-slate-500"
         href="/cognomen-confugo-cur"
      >
        <img alt
             loading="lazy"
             width="375"
             height="375"
             decoding="async"
             data-nimg="1"
             class="w-full brightness-90 dark:brightness:75 group-hover:brightness-105"
             srcset="https://loremflickr.com/640/480?lock=87886405828608&amp;w=384&amp;q=75 1x, https://loremflickr.com/640/480?lock=87886405828608&amp;w=750&amp;q=75 2x"
             src="https://loremflickr.com/640/480?lock=87886405828608&amp;w=750&amp;q=75"
             style="color: transparent;"
        >
        <h2 class="bg-slate-900 group-hover:bg-slate-700 px-2 text-lg leading-loose text-center text-slate-100">
          cimentarius impedit damnatio
        </h2>
      </a>
    </div>
    <div class="break-inside-avoid-column">
      <a class="group block bg-white dark:bg-slate-900 border-2 border-slate-500"
         href="/quibusdam-cerno-spero"
      >
        <img alt
             loading="lazy"
             width="375"
             height="375"
             decoding="async"
             data-nimg="1"
             class="w-full brightness-90 dark:brightness:75 group-hover:brightness-105"
             srcset="https://picsum.photos/seed/vsFgAP/640/480?w=384&amp;q=75 1x, https://picsum.photos/seed/vsFgAP/640/480?w=750&amp;q=75 2x"
             src="https://picsum.photos/seed/vsFgAP/640/480?w=750&amp;q=75"
             style="color: transparent;"
        >
        <h2 class="bg-slate-900 group-hover:bg-slate-700 px-2 text-lg leading-loose text-center text-slate-100">
          strenuus stabilis ustulo
        </h2>
      </a>
    </div>
  </div>
</div>
`;
