// Jest Snapshot v1, https://goo.gl/fbAQLP

exports[`Components/ContactDetails Default smoke-test 1`] = `
<div class="bg-black text-orange-100  font-sans">
  <section class="col-span-2 mt-5 lg:ml-8"
           id="contact"
  >
    <div class="px-4 py-3 bg-highlighted text-black flex flex-col gap-5">
      <h2 class="text-9xl tracking-tight uppercase"
          style="font-family: &quot;Bebas Neue&quot;; font-style: normal; font-weight: 400;"
      >
        Say hello
      </h2>
      <p class="mb-5">
        If you'd like to get in touch, just send me an email by clicking the link below.
      </p>
      <a class="inline-block px-3 py-3 bg-orange-100 text-black border-4 border-orange-600  hover:bg-orange-600 uppercase font-black text-4xl"
         href="/#"
         style="font-family: &quot;Bebas Neue&quot;; font-style: normal; font-weight: 400;"
      >
        <svg xmlns="http://www.w3.org/2000/svg"
             fill="none"
             viewbox="0 0 24 24"
             stroke-width="1.5"
             stroke="currentColor"
             aria-hidden="true"
             data-slot="icon"
             class="inline-block w-12 h-12 mr-3"
        >
          <path stroke-linecap="round"
                stroke-linejoin="round"
                d="M21.75 6.75v10.5a2.25 2.25 0 0 1-2.25 2.25h-15a2.25 2.25 0 0 1-2.25-2.25V6.75m19.5 0A2.25 2.25 0 0 0 19.5 4.5h-15a2.25 2.25 0 0 0-2.25 2.25m19.5 0v.243a2.25 2.25 0 0 1-1.07 1.916l-7.5 4.615a2.25 2.25 0 0 1-2.36 0L3.32 8.91a2.25 2.25 0 0 1-1.07-1.916V6.75"
          >
          </path>
        </svg>
        Send an email
      </a>
    </div>
  </section>
</div>
`;
