// Jest Snapshot v1, https://goo.gl/fbAQLP

exports[`Components/Header Default smoke-test 1`] = `
<div class="bg-black text-orange-100  font-sans">
  <section id="header"
           class="bg-black corner-blob text-orange-100 py-4 px-4"
  >
    <div class="container py-5 mx-auto ">
      <h1 class="font-sans text-5xl sm:text-8xl lg:text-9xl font-black uppercase mb-5 lg:w-1/2">
        Hi, I'm a web developer.
      </h1>
      <div class="text-xl md:text-2xl prose max-w-screen-md">
        I build accessible, high performance web applications.
      </div>
    </div>
  </section>
</div>
`;
