// Jest Snapshot v1, https://goo.gl/fbAQLP

exports[`Components/PostList Default smoke-test 1`] = `
<div class="bg-black text-orange-100  font-sans">
  <div>
    <h2 class="tracking-tight uppercase text-6xl md:text-7xl lg:text-8xl text-orange-100 mb-5 bebas-neue-normal-400">
      Blog Posts
    </h2>
    <ul>
      <li class="mb-1">
        <a class="inline-block border-2 border-orange-600 bg-orange-600 text-black uppercase text-2xl font-black px-4 py-2 hover:bg-orange-100 hover:text-orange-600 hover:border-orange-600 bebas-neue-normal-400"
           href="/ipsa-super-curo"
        >
          subito circumvenio calamitas
        </a>
      </li>
      <li class="mb-1">
        <a class="inline-block border-2 border-orange-600 bg-orange-600 text-black uppercase text-2xl font-black px-4 py-2 hover:bg-orange-100 hover:text-orange-600 hover:border-orange-600 bebas-neue-normal-400"
           href="/cruciamentum-conicio-suspendo"
        >
          vomer stillicidium denique
        </a>
      </li>
      <li class="mb-1">
        <a class="inline-block border-2 border-orange-600 bg-orange-600 text-black uppercase text-2xl font-black px-4 py-2 hover:bg-orange-100 hover:text-orange-600 hover:border-orange-600 bebas-neue-normal-400"
           href="/taceo-auctor-atque"
        >
          decens adulatio cubicularis
        </a>
      </li>
      <li class="mb-1">
        <a class="inline-block border-2 border-orange-600 bg-orange-600 text-black uppercase text-2xl font-black px-4 py-2 hover:bg-orange-100 hover:text-orange-600 hover:border-orange-600 bebas-neue-normal-400"
           href="/ulciscor-surculus-perferendis"
        >
          exercitationem exercitationem reiciendis
        </a>
      </li>
      <li class="mb-1">
        <a class="inline-block border-2 border-orange-600 bg-orange-600 text-black uppercase text-2xl font-black px-4 py-2 hover:bg-orange-100 hover:text-orange-600 hover:border-orange-600 bebas-neue-normal-400"
           href="/calco-claudeo-quos"
        >
          suppono commodi conturbo
        </a>
      </li>
      <li class="mb-1">
        <a class="inline-block border-2 border-orange-600 bg-orange-600 text-black uppercase text-2xl font-black px-4 py-2 hover:bg-orange-100 hover:text-orange-600 hover:border-orange-600 bebas-neue-normal-400"
           href="/depulso-cursim-color"
        >
          aliquam damno curvo
        </a>
      </li>
      <li class="mb-1">
        <a class="inline-block border-2 border-orange-600 bg-orange-600 text-black uppercase text-2xl font-black px-4 py-2 hover:bg-orange-100 hover:text-orange-600 hover:border-orange-600 bebas-neue-normal-400"
           href="/desipio-quia-ancilla"
        >
          cursim varietas vinco
        </a>
      </li>
      <li class="mb-1">
        <a class="inline-block border-2 border-orange-600 bg-orange-600 text-black uppercase text-2xl font-black px-4 py-2 hover:bg-orange-100 hover:text-orange-600 hover:border-orange-600 bebas-neue-normal-400"
           href="/casso-denuncio-voro"
        >
          comes cuppedia usitas
        </a>
      </li>
      <li class="mb-1">
        <a class="inline-block border-2 border-orange-600 bg-orange-600 text-black uppercase text-2xl font-black px-4 py-2 hover:bg-orange-100 hover:text-orange-600 hover:border-orange-600 bebas-neue-normal-400"
           href="/trepide-pax-impedit"
        >
          earum placeat animi
        </a>
      </li>
      <li class="mb-1">
        <a class="inline-block border-2 border-orange-600 bg-orange-600 text-black uppercase text-2xl font-black px-4 py-2 hover:bg-orange-100 hover:text-orange-600 hover:border-orange-600 bebas-neue-normal-400"
           href="/stabilis-utique-dolore"
        >
          conicio cognomen cur
        </a>
      </li>
    </ul>
  </div>
</div>
`;
