// Jest Snapshot v1, https://goo.gl/fbAQLP

exports[`Components/Signpost Default smoke-test 1`] = `
<div class="bg-slate-100 dark:bg-slate-900 text-slate-900 dark:text-slate-300">
  <button data-testid="contact-button"
          class="undefined border-2 border-slate-500 uppercase font-bold bg-white dark:bg-slate-900 px-4 py-2 text-slate-800 dark:text-slate-200 hover:bg-slate-100 dark:hover:bg-slate-800 hover:text-black dark:hover:text-white"
  >
    Signpost
  </button>
</div>
`;
