// Jest Snapshot v1, https://goo.gl/fbAQLP

exports[`Blog renders correctly 1`] = `
<div>
  <section
    class="bg-slate-200 py-5"
    id="blog"
  >
    <div
      class="container mx-auto px-3 md:px-0"
    >
      <div
        class="flex flex-col md:flex-row md:items-end mb-5"
      >
        <h2
          class="text-lg font-sans font-semibold tracking-tight text-left font-black uppercase text-xl md:text-6xl break-words basis-1/3"
        >
          Projects and Writing
        </h2>
        <div
          class="w-full text-left uppercase text-2xl font-black"
        >
          <div
            class="mb-2"
          >
            My blog
          </div>
          <div
            class="bg-black h-2 w-full"
            style="max-width: 0px;"
          />
        </div>
      </div>
      <div
        class="columns-1 xs:columns-2 md:columns-3 lg:columns-4 gap-3"
      >
        <div
          class="break-inside-avoid-column"
          style="opacity: 0;"
        >
          <a
            class="group mb-3 block rounded-md overflow-hidden w-full bg-white relative"
            href="test-post"
          >
            <img
              alt="Test Post"
              class="w-full brightness-90 group-hover:brightness-105 transition"
              data-nimg="1"
              decoding="async"
              height="300"
              loading="lazy"
              src="/_next/image?url=https%3A%2F%2Fexample.com%2Fimage.png&w=640&q=75"
              srcset="/_next/image?url=https%3A%2F%2Fexample.com%2Fimage.png&w=384&q=75 1x, /_next/image?url=https%3A%2F%2Fexample.com%2Fimage.png&w=640&q=75 2x"
              style="color: transparent;"
              width="300"
            />
            <h2
              class="bg-gradient-to-r from-teal-900 to-emerald-600 group-hover:from-emerald-700 group-hover:to-teal-500 shadow-slate-900 px-4 text-lg font-sans font-semibold tracking-tight leading-loose text-center text-white normal-case"
            >
              Test Post
            </h2>
          </a>
        </div>
        <div
          class="break-inside-avoid-column"
          style="opacity: 0;"
        >
          <a
            class="group mb-3 block rounded-md overflow-hidden w-full bg-white relative"
            href="test-post"
          >
            <img
              alt="Test Post"
              class="w-full brightness-90 group-hover:brightness-105 transition"
              data-nimg="1"
              decoding="async"
              height="300"
              loading="lazy"
              src="/_next/image?url=https%3A%2F%2Fexample.com%2Fimage.png&w=640&q=75"
              srcset="/_next/image?url=https%3A%2F%2Fexample.com%2Fimage.png&w=384&q=75 1x, /_next/image?url=https%3A%2F%2Fexample.com%2Fimage.png&w=640&q=75 2x"
              style="color: transparent;"
              width="300"
            />
            <h2
              class="bg-gradient-to-r from-teal-900 to-emerald-600 group-hover:from-emerald-700 group-hover:to-teal-500 shadow-slate-900 px-4 text-lg font-sans font-semibold tracking-tight leading-loose text-center text-white normal-case"
            >
              Test Post
            </h2>
          </a>
        </div>
        <div
          class="break-inside-avoid-column"
          style="opacity: 0;"
        >
          <a
            class="group mb-3 block rounded-md overflow-hidden w-full bg-white relative"
            href="test-post"
          >
            <img
              alt="Test Post"
              class="w-full brightness-90 group-hover:brightness-105 transition"
              data-nimg="1"
              decoding="async"
              height="300"
              loading="lazy"
              src="/_next/image?url=https%3A%2F%2Fexample.com%2Fimage.png&w=640&q=75"
              srcset="/_next/image?url=https%3A%2F%2Fexample.com%2Fimage.png&w=384&q=75 1x, /_next/image?url=https%3A%2F%2Fexample.com%2Fimage.png&w=640&q=75 2x"
              style="color: transparent;"
              width="300"
            />
            <h2
              class="bg-gradient-to-r from-teal-900 to-emerald-600 group-hover:from-emerald-700 group-hover:to-teal-500 shadow-slate-900 px-4 text-lg font-sans font-semibold tracking-tight leading-loose text-center text-white normal-case"
            >
              Test Post
            </h2>
          </a>
        </div>
      </div>
    </div>
  </section>
</div>
`;
