// Jest Snapshot v1, https://goo.gl/fbAQLP

exports[`ContactDetails renders correctly 1`] = `
<div>
  <section
    class="bg-white px-4 py-3 container mx-auto"
    id="contact"
  >
    <div
      class="flex flex-col md:flex-row md:items-end mb-5"
    >
      <h2
        class="text-lg font-sans font-semibold tracking-tight text-left font-black uppercase text-xl md:text-6xl break-words basis-1/3"
      >
        Contact Me
      </h2>
      <div
        class="w-full text-left uppercase text-2xl font-black"
      >
        <div
          class="mb-2"
        >
          Say hello
        </div>
        <div
          class="bg-black h-2 w-full"
          style="max-width: 0px;"
        />
      </div>
    </div>
    <div
      class="w-full gap-5 my-10 text-center"
    >
      <p
        class="my-5"
      >
        If you'd like to get in touch, just send me an email by clicking the link below.
      </p>
      <a
        class="block bg-white border-2 px-3 py-2 rounded-sm font-bold border-solid border-slate-900 hover:bg-slate-100"
        href="mailto:jdamner@me.com"
      >
        <svg
          aria-hidden="true"
          class="inline-block w-12 h-14"
          fill="none"
          stroke="currentColor"
          stroke-width="1.5"
          viewBox="0 0 24 24"
          xmlns="http://www.w3.org/2000/svg"
        >
          <path
            d="M21.75 6.75v10.5a2.25 2.25 0 01-2.25 2.25h-15a2.25 2.25 0 01-2.25-2.25V6.75m19.5 0A2.25 2.25 0 0019.5 4.5h-15a2.25 2.25 0 00-2.25 2.25m19.5 0v.243a2.25 2.25 0 01-1.07 1.916l-7.5 4.615a2.25 2.25 0 01-2.36 0L3.32 8.91a2.25 2.25 0 01-1.07-1.916V6.75"
            stroke-linecap="round"
            stroke-linejoin="round"
          />
        </svg>
        Send an email
      </a>
    </div>
  </section>
</div>
`;
