// Jest Snapshot v1, https://goo.gl/fbAQLP

exports[`Tabs renders correctly 1`] = `
<div>
  <div
    class="container mx-auto my-5 py-5 px-3 md:px-0"
  >
    <div
      class="flex flex-col md:flex-row md:items-end mb-5"
    >
      <h2
        class="text-lg font-sans font-semibold tracking-tight text-left font-black uppercase text-xl md:text-6xl break-words basis-1/3"
      >
        Techincal Skills
      </h2>
      <div
        class="w-full text-left uppercase text-2xl font-black"
      >
        <div
          class="mb-2"
        >
          Web Development
        </div>
        <div
          class="bg-black h-2 w-full"
          style="max-width: 0px;"
        />
      </div>
    </div>
    <div
      class="md:grid md:grid-cols-3"
    >
      <div
        class="flex flex-row md:flex-col items-start md:items-end pr-4 mr-3 mb-3 md:mb-0"
      >
        <button
          aria-current="true"
          class="text-xl md:text-3xl font-bold text-gray-900"
          tabindex="0"
        >
          Test Post
        </button>
        <button
          aria-current="true"
          class="text-xl md:text-3xl font-bold text-gray-900"
          tabindex="1"
        >
          Test Post
        </button>
        <button
          aria-current="true"
          class="text-xl md:text-3xl font-bold text-gray-900"
          tabindex="2"
        >
          Test Post
        </button>
      </div>
      <div
        class="col-span-2"
      >
        <div
          class="mr-auto prose"
          content="<p>Test Content</p>"
        >
          <p>
            Test Content
          </p>
        </div>
      </div>
    </div>
  </div>
</div>
`;
