// Jest Snapshot v1, https://goo.gl/fbAQLP

exports[`Button renders correctly 1`] = `
<div>
  <button
    class="border-solid border-2 border-slate-800 uppercase font-black font-sans bg-white px-4 py-2 text-slate-800 hover:bg-slate-100 hover:text-black"
  >
    Test
  </button>
</div>
`;
