// Jest Snapshot v1, https://goo.gl/fbAQLP

exports[`Components/Timeline Default smoke-test 1`] = `
<div class="bg-slate-100 dark:bg-slate-900 text-slate-900 dark:text-slate-300">
  <div class="flex flex-col">
    <ol class="relative w-full flex snap-x snap-mandatory overflow-x-auto no-scrollbar">
      <li class="group snap-always snap-start  shrink-0 w-9/12 last:w-full"
          title="mesh synergistic users"
      >
        <div class="mt-1.5 w-full h-1 bg-slate-300 dark:bg-slate-600">
        </div>
        <div class="absolute w-4 h-4 mt-2.5 -top-2.5 bg-slate-900 dark:bg-slate-400 rounded-full">
        </div>
        <div class="mt-3 text-slate-900 dark:text-slate-200">
          <h3 class="w-full text-left text-2xl font-black mb-2">
            International Assurance Specialist
          </h3>
          <h4 class="text-lg">
            <a class="underline hover:text-slate-800 hover:no-underline"
               target="_blank"
               href="https://impressive-script.org/"
            >
              Farrell - Pollich
            </a>
          </h4>
          <span class="text-sm">
            March 2020 - Present
          </span>
        </div>
      </li>
      <li class="group snap-always snap-start  shrink-0 w-9/12 last:w-full"
          title="grow frictionless channels"
      >
        <div class="mt-1.5 w-full h-1 bg-slate-300 dark:bg-slate-600">
        </div>
        <div class="absolute w-4 h-4 mt-2.5 -top-2.5 bg-slate-900 dark:bg-slate-400 rounded-full">
        </div>
        <div class="mt-3 text-slate-900 dark:text-slate-200">
          <h3 class="w-full text-left text-2xl font-black mb-2">
            Future Security Agent
          </h3>
          <h4 class="text-lg">
            <a class="underline hover:text-slate-800 hover:no-underline"
               target="_blank"
               href="https://awesome-rhythm.com"
            >
              McDermott - Schultz
            </a>
          </h4>
          <span class="text-sm">
            March 2020 - Present
          </span>
        </div>
      </li>
      <li class="group snap-always snap-start  shrink-0 w-9/12 last:w-full"
          title="matrix visionary e-markets"
      >
        <div class="mt-1.5 w-full h-1 bg-slate-300 dark:bg-slate-600">
        </div>
        <div class="absolute w-4 h-4 mt-2.5 -top-2.5 bg-slate-900 dark:bg-slate-400 rounded-full">
        </div>
        <div class="mt-3 text-slate-900 dark:text-slate-200">
          <h3 class="w-full text-left text-2xl font-black mb-2">
            Human Division Supervisor
          </h3>
          <h4 class="text-lg">
            <a class="underline hover:text-slate-800 hover:no-underline"
               target="_blank"
               href="https://lost-parable.com/"
            >
              Kulas, McGlynn and Abbott
            </a>
          </h4>
          <span class="text-sm">
            March 2020 - Present
          </span>
        </div>
      </li>
      <li class="group snap-always snap-start  shrink-0 w-9/12 last:w-full"
          title="unleash extensible communities"
      >
        <div class="mt-1.5 w-full h-1 bg-slate-300 dark:bg-slate-600">
        </div>
        <div class="absolute w-4 h-4 mt-2.5 -top-2.5 bg-slate-900 dark:bg-slate-400 rounded-full">
        </div>
        <div class="mt-3 text-slate-900 dark:text-slate-200">
          <h3 class="w-full text-left text-2xl font-black mb-2">
            Lead Usability Technician
          </h3>
          <h4 class="text-lg">
            <a class="underline hover:text-slate-800 hover:no-underline"
               target="_blank"
               href="https://breakable-boxspring.name/"
            >
              Batz - Hirthe
            </a>
          </h4>
          <span class="text-sm">
            March 2020 - Present
          </span>
        </div>
      </li>
      <li class="group snap-always snap-start  shrink-0 w-9/12 last:w-full"
          title="recontextualize virtual mindshare"
      >
        <div class="mt-1.5 w-full h-1 bg-slate-300 dark:bg-slate-600">
        </div>
        <div class="absolute w-4 h-4 mt-2.5 -top-2.5 bg-slate-900 dark:bg-slate-400 rounded-full">
        </div>
        <div class="mt-3 text-slate-900 dark:text-slate-200">
          <h3 class="w-full text-left text-2xl font-black mb-2">
            International Applications Engineer
          </h3>
          <h4 class="text-lg">
            <a class="underline hover:text-slate-800 hover:no-underline"
               target="_blank"
               href="https://diligent-chrome.com/"
            >
              Kassulke, Hauck and MacGyver
            </a>
          </h4>
          <span class="text-sm">
            March 2020 - Present
          </span>
        </div>
      </li>
      <li class="group snap-always snap-start  shrink-0 w-9/12 last:w-full"
          title="disintermediate cross-media e-markets"
      >
        <div class="mt-1.5 w-full h-1 bg-slate-300 dark:bg-slate-600">
        </div>
        <div class="absolute w-4 h-4 mt-2.5 -top-2.5 bg-slate-900 dark:bg-slate-400 rounded-full">
        </div>
        <div class="mt-3 text-slate-900 dark:text-slate-200">
          <h3 class="w-full text-left text-2xl font-black mb-2">
            National Communications Coordinator
          </h3>
          <h4 class="text-lg">
            <a class="underline hover:text-slate-800 hover:no-underline"
               target="_blank"
               href="https://adolescent-in-joke.org"
            >
              Hagenes - Stanton
            </a>
          </h4>
          <span class="text-sm">
            March 2020 - Present
          </span>
        </div>
      </li>
      <li class="group snap-always snap-start  shrink-0 w-9/12 last:w-full"
          title="exploit enterprise niches"
      >
        <div class="mt-1.5 w-full h-1 bg-slate-300 dark:bg-slate-600">
        </div>
        <div class="absolute w-4 h-4 mt-2.5 -top-2.5 bg-slate-900 dark:bg-slate-400 rounded-full">
        </div>
        <div class="mt-3 text-slate-900 dark:text-slate-200">
          <h3 class="w-full text-left text-2xl font-black mb-2">
            Senior Tactics Architect
          </h3>
          <h4 class="text-lg">
            <a class="underline hover:text-slate-800 hover:no-underline"
               target="_blank"
               href="https://unselfish-honor.name/"
            >
              Kilback - Ankunding
            </a>
          </h4>
          <span class="text-sm">
            March 2020 - Present
          </span>
        </div>
      </li>
      <li class="group snap-always snap-start  shrink-0 w-9/12 last:w-full"
          title="streamline next-generation interfaces"
      >
        <div class="mt-1.5 w-full h-1 bg-slate-300 dark:bg-slate-600">
        </div>
        <div class="absolute w-4 h-4 mt-2.5 -top-2.5 bg-slate-900 dark:bg-slate-400 rounded-full">
        </div>
        <div class="mt-3 text-slate-900 dark:text-slate-200">
          <h3 class="w-full text-left text-2xl font-black mb-2">
            Senior Factors Associate
          </h3>
          <h4 class="text-lg">
            <a class="underline hover:text-slate-800 hover:no-underline"
               target="_blank"
               href="https://fancy-parka.biz/"
            >
              Parisian - Klein
            </a>
          </h4>
          <span class="text-sm">
            March 2020 - Present
          </span>
        </div>
      </li>
      <li class="group snap-always snap-start  shrink-0 w-9/12 last:w-full"
          title="repurpose wireless interfaces"
      >
        <div class="mt-1.5 w-full h-1 bg-slate-300 dark:bg-slate-600">
        </div>
        <div class="absolute w-4 h-4 mt-2.5 -top-2.5 bg-slate-900 dark:bg-slate-400 rounded-full">
        </div>
        <div class="mt-3 text-slate-900 dark:text-slate-200">
          <h3 class="w-full text-left text-2xl font-black mb-2">
            Corporate Implementation Supervisor
          </h3>
          <h4 class="text-lg">
            <a class="underline hover:text-slate-800 hover:no-underline"
               target="_blank"
               href="https://automatic-hearing.info/"
            >
              Tromp - Jerde
            </a>
          </h4>
          <span class="text-sm">
            March 2020 - Present
          </span>
        </div>
      </li>
      <li class="group snap-always snap-start  shrink-0 w-9/12 last:w-full"
          title="iterate dot-com web services"
      >
        <div class="mt-1.5 w-full h-1 bg-gradient-to-r from-slate-300 to-transparent dark:from-slate-600">
        </div>
        <div class="absolute w-4 h-4 mt-2.5 -top-2.5 bg-slate-900 dark:bg-slate-400 rounded-full">
        </div>
        <div class="mt-3 text-slate-900 dark:text-slate-200">
          <h3 class="w-full text-left text-2xl font-black mb-2">
            Dynamic Usability Specialist
          </h3>
          <h4 class="text-lg">
            <a class="underline hover:text-slate-800 hover:no-underline"
               target="_blank"
               href="https://earnest-wafer.org/"
            >
              Shields, Sipes and Pollich
            </a>
          </h4>
          <span class="text-sm">
            March 2020 - Present
          </span>
        </div>
      </li>
    </ol>
    <div class="ml-auto my-3">
      <button class="p-2 w-10 h-10 mx-3 bg-slate-400 hover:bg-slate-600 dark:hover:bg-slate-200 text-white dark:text-slate-900 hover:cursor-pointer disabled:opacity-50 disabled:cursor-default disabled:hover:bg-slate-400"
              name="Previous"
              aria-label="Previous event"
              disabled
      >
        <svg class="w-6 h-6"
             fill="none"
             stroke="currentColor"
             viewbox="0 0 24 24"
        >
          <path stroke-linecap="round"
                stroke-linejoin="round"
                stroke-width="2"
                d="M15 19l-7-7 7-7"
          >
          </path>
        </svg>
      </button>
      <button class="p-2 w-10 h-10 mx-3 bg-slate-400 hover:bg-slate-600 dark:hover:bg-slate-200 text-white dark:text-slate-900 hover:cursor-pointer disabled:opacity-50 disabled:cursor-default disabled:hover:bg-slate-400"
              name="Next"
              aria-label="Next event"
      >
        <svg class="w-6 h-6"
             fill="none"
             stroke="currentColor"
             viewbox="0 0 24 24"
        >
          <path stroke-linecap="round"
                stroke-linejoin="round"
                stroke-width="2"
                d="M9 5l7 7-7 7"
          >
          </path>
        </svg>
      </button>
    </div>
    <div class="flex justify-between flex-col md:flex-row">
      <div class="prose px-3 md:px-0 prose-slate dark:prose-invert">
        <h1 id="cunctatio-stillicidium-nisi"
            node="[object Object]"
        >
          cunctatio stillicidium nisi
        </h1>
        <h2 id="denique-apud"
            node="[object Object]"
        >
          denique apud
        </h2>
        <p>
          Cui conicio quis suspendo commodo decens. Adulatio sub cubicularis paens. Ratione auctor decerno atque agnosco exercitationem summa exercitationem.
        </p>
        <h3 id="cursus-reiciendis"
            node="[object Object]"
        >
          cursus reiciendis
        </h3>
        <p>
          Ulciscor deprimo surculus taedium perferendis. Suppono cur commodi sollers conturbo. Calco canonicus claudeo voveo quos.
        </p>
        <h3 id="tener-aliquam"
            node="[object Object]"
        >
          tener aliquam
        </h3>
        <p>
          Damno acsi curvo atavus depulso arguo cursim aetas color. Cursim tandem varietas suadeo vinco doloremque desipio delectus quia minus. Cognatus comes derideo.
        </p>
        <h3 id="cuppedia-statua"
            node="[object Object]"
        >
          cuppedia statua
        </h3>
        <p>
          Veritatis casso amitto denuncio deputo voro candidus earum debilito. Tantillus animi denique trepide thema pax cimentarius. Damnatio conicio absque cognomen confugo cur strenuus.
        </p>
        <h2 id="stabilis-ustulo"
            node="[object Object]"
        >
          stabilis ustulo
        </h2>
        <p>
          Ceno dolore defluo sortitus censura occaecati tui quibusdam cerno spero. Turbo atque agnosco comburo tenax vallum careo. Autem depulso mollitia benevolentia.
        </p>
        <h3 id="allatus-eligendi"
            node="[object Object]"
        >
          allatus eligendi
        </h3>
        <p>
          Artificiose quis verto supra vulgus acceptus demoror paens collum iusto. Articulus cicuta argumentum tendo sub amitto comis. Stultus verbera iste blanditiis creta conventus vespillo.
        </p>
        <h3 id="umbra-turba"
            node="[object Object]"
        >
          umbra turba
        </h3>
        <p>
          Contabesco crudelis adimpleo campana cogo crastinus cubicularis inflammatio. Iusto vulnero abeo constans reprehenderit tempus adsuesco optio. Stultus utique arcus.
        </p>
        <h3 id="clarus-cubitum"
            node="[object Object]"
        >
          clarus cubitum
        </h3>
        <p>
          Caput corona coniecto uterque dolores adamo sophismata ipsam amiculum. Aperte vado comminor degero. Aurum tyrannus claudeo ipsum toties ultra laboriosam creo.
        </p>
        <h2 id="spiritus-comes"
            node="[object Object]"
        >
          spiritus comes
        </h2>
        <p>
          Considero ustilo assumenda cura tricesimus adsum confido demulceo ipsam. Nesciunt nobis enim colligo abbas verto voveo. Ventosus conscendo beatus hic clarus deduco eius cimentarius.
        </p>
        <h3 id="veniam-clementia"
            node="[object Object]"
        >
          veniam clementia
        </h3>
        <p>
          Magnam causa sumo magni eaque timor consequuntur cruentus recusandae suus. Arto aspicio paulatim votum uredo consectetur vorago trepide ager. Cursus abscido bardus.
        </p>
        <h3 id="valens-defendo"
            node="[object Object]"
        >
          valens defendo
        </h3>
        <p>
          Infit aveho aliquid acsi clibanus totidem vestigium carbo modi adstringo. Aegre tardus demitto talis dolor administratio. Suggero cattus tumultus creber asperiores timor.
        </p>
        <h3 id="terminatio-tondeo"
            node="[object Object]"
        >
          terminatio tondeo
        </h3>
        <p>
          Stipes cohibeo vulgivagus sono cultellus. Auditor sono depopulo. Desipio subito culpa decerno attollo debitis adiuvo teneo pecco maxime.
        </p>
      </div>
    </div>
  </div>
</div>
`;
