// Jest Snapshot v1, https://goo.gl/fbAQLP

exports[`Atoms/Title Default smoke-test 1`] = `
<div class="bg-black text-orange-100  font-sans">
  <h2 class="tracking-tight uppercase text-6xl md:text-7xl lg:text-8xl text-orange-100 mb-5 bebas-neue-normal-400">
    Podenco Canario
  </h2>
</div>
`;
