// Jest Snapshot v1, https://goo.gl/fbAQLP

exports[`Layout renders correctly 1`] = `
<div>
  <nav
    class="w-full h-16 bg-gradient-to-r bg-emerald-900 text-slate-100 from-teal-900 to-emerald-600"
  >
    <div
      class="container mx-auto h-full flex flex-row justify-between items-center px-3 md:px-0"
    >
      <ul>
        <li
          class="inline-block mr-3"
        >
          <a
            class="text-xl font-bold"
            href="/"
          >
            amner.me
          </a>
        </li>
      </ul>
      <button
        class="border-solid border-2 border-slate-800 uppercase font-black font-sans bg-white px-4 py-2 text-slate-800 hover:bg-slate-100 hover:text-black"
      >
        Contact
      </button>
    </div>
  </nav>
  <main
    id="page"
  >
    <div
      style="opacity: 0;"
    >
      <p>
        Empty
      </p>
    </div>
  </main>
  <footer
    class="container mx-auto text-center my-3"
    id="footer"
  >
    <small
      class="text-xs text"
    >
      Â© James Amner 
      2023
    </small>
  </footer>
</div>
`;
